    location /v1/ {
        proxy_pass $backend_upstream;
        proxy_request_buffering off;
        # A 200 MB upload is received and written to OSS before the backend
        # answers; the 60 s default cut it off with a 504 while the file
        # was in fact saved.
        proxy_read_timeout 900s;
        proxy_send_timeout 900s;
        proxy_set_header Host $host;
        proxy_set_header X-Real-IP $remote_addr;
        proxy_set_header X-Forwarded-For $proxy_add_x_forwarded_for;
        proxy_set_header X-Forwarded-Proto $scheme;
    }

    location /ws/ {
        proxy_pass $backend_upstream;
        proxy_http_version 1.1;
        proxy_set_header Upgrade $http_upgrade;
        proxy_set_header Connection "upgrade";
        proxy_set_header Host $host;
        proxy_set_header X-Real-IP $remote_addr;
        proxy_set_header X-Forwarded-For $proxy_add_x_forwarded_for;
        proxy_set_header X-Forwarded-Proto $scheme;
