status=Success
2026-09-08 11:51:07,596 [openbox.config] INFO Loaded config from /app/openbox.json
2026-09-08 11:51:07,699 [openbox.db] INFO Database engine initialized: postgres:5432/openbox
2026-09-08 11:51:08,991 [openbox.db] INFO Database engine closed
{"live_single_probe": {"id": "pacc_01M208MPBPTRMWCXNY9WV2X0J3", "platform": "douyin_laike", "authKind": "desktop_cookie", "estimatedExpiresAt": null, "externalId": "819576606036939", "unionId": null, "nickname": "用户4929490571108", "avatarUrl": null, "scopes": [], "status": "bound", "accessExpiresAt": null, "refreshExpiresAt": null, "renewCount": 0, "renewalsLeft": 5, "lastRefreshAt": null, "lastProbeAt": "2026-09-08T11:51:07.816245+00:00", "lastOkAt": "2026-09-08T11:51:07.816245+00:00", "lastError": null, "boundAt": "2026-09-08T10:22:23.946786+00:00", "boundByUserId": "01M1VTTN99V33P1ASKFT5TSM2N", "desktopId": "ecd-glxi1nk433hliivri", "siteDisplay": "抖音来客", "probeDetail": {"cookieOk": true, "sessionCookies": {"sessionid_ls": [1794040878, 1794040878], "sid_tt_ls": [1794040878, 1794040878], "uid_tt_ls": [1794040878, 1794040878], "passport_auth_status_ls": [1791448878]}, "earliestExpiry": 1791448878, "reason": "session probe ok", "via": "tab", "probe": {"status": 200, "error": null, "code": 0}, "display": {"role": "商家子账号", "account_name": "芊屿芊浔美甲美睫(汉街北门店)", "account_id": 1815126549569536}, "lastLevel2At": "2026-09-08T11:51:07.816245+00:00"}, "predictedExpiresAt": "2026-10-08T08:41:18+00:00"}}
{"tool_status": {"site": "douyin_creator", "title": "抖音创作者中心 已登录", "output": "云电脑 ecd-glxi1nk433hliivri 上的登录态：\n- 抖音创作者中心：已登录，账号 用户2087843173024，预计 2026-10-08 需重新登录，上次检测 09-08 11:50 UTC\n\n可以直接在云电脑浏览器里操作这个站点。", "metadata": {"applicable": true, "site": "douyin_creator", "status": "bound", "nickname": "用户2087843173024", "sites": {"douyin_creator": "bound"}}}}
{"tool_status": {"site": "xiaohongshu_creator", "title": "小红书创作平台 需要登录", "output": "云电脑 ecd-glxi1nk433hliivri 上的登录态：\n- 小红书创作平台：未登录（待侦察，暂不支持检测）\n\n小红书创作平台 当前未登录。不要自己去打开登录页或截屏猜：先用 action=open 把登录页推到云电脑，请用户在云电脑里扫码登录，用户说完成后再用 action=probe 确认。", "metadata": {"error": true, "code": "DESKTOP_LOGIN_REQUIRED", "site": "xiaohongshu_creator", "status": "none", "sites": {"xiaohongshu_creator": "none"}}}}
{"desktop_skill_preface": "40:## Login state on the cloud desktop (`local` mode)\n41-\n42-The person may already be logged into some sites in this Chrome — the 授权中心 keeps\n43-track of which. **Before automating any site that needs their account** (抖音创作者中心,\n44-抖音来客, 美团经营宝/点评商户平台, 小红书创作平台 …):\n45-\n46-1. `desktop_login(action=\"status\", site=\"<site key>\")`. `bound` → go ahead, the cookies\n47-   are in this profile. `DESKTOP_LOGIN_REQUIRED` → step 2.\n48-2. `desktop_login(action=\"open\", site=...)` pushes the login page to the front of the\n49-   cloud desktop. Tell the person to scan in the desktop panel and to say when done.\n50-3. `desktop_login(action=\"probe\", site=...)` after they say done. Only then continue.\n51-\n52-Never navigate to a login page yourself, never type passwords or verification codes,\n53-and never decide \"logged in / not logged in\" from a screenshot — the probe is the\n54-source of truth. If `status` says the tool does not apply (the person is using their\n55-own browser via the extension), just work in their browser.\n56-\n57-## Setup — there isn't any\n58-\n59-**The browser and the relay are already running.** Loading this skill started both and\n60-waited for them; the `<browser_mode>` block at the end of the skill output tells you\n61-which browser you got. Go straight to writing a script.\n62-\n"}
              ts               | status | duration_ms |                                summary                                 |                      detail                      
-------------------------------+--------+-------------+------------------------------------------------------------------------+--------------------------------------------------
 2026-09-08 11:50:04.746483+00 | ok     |         356 | probe douyin_creator,douyin_laike,meituan_merchant,xiaohongshu_creator | {"chrome": "Chrome/151.0.7922.71", "targets": 3}
(1 row)

     platform     | status |         last_probe_at         | via 
------------------+--------+-------------------------------+-----
 douyin_creator   | bound  | 2026-09-08 11:50:04.378772+00 | 
 meituan_merchant | bound  | 2026-09-08 11:50:04.378772+00 | 
 douyin           | bound  | 2026-09-08 11:50:04.821257+00 | 
 douyin_laike     | bound  | 2026-09-08 11:51:07.816245+00 | tab
(4 rows)

               id               | status  |          created_at           |          expires_at           | share_id | item_id | error 
--------------------------------+---------+-------------------------------+-------------------------------+----------+---------+-------
 pub_01M1XFBFKV2C4RW8N27RG6EF2W | pending | 2026-09-07 08:22:00.560116+00 | 2026-09-07 09:22:00.560116+00 |          |         | 
(1 row)


